Paso 03
--------------------------------------------------
TODO: Aplicar la fórmula de normalización: (x - min) / (max - min)

[0.80200501 0.76190476 0.29573935 0.64912281 0.8245614  0.64912281
 0.03508772 0.26566416 0.57393484 0.04010025 0.79197995 0.63157895
 0.84711779 0.64912281 0.97994987 0.58145363 0.5839599  0.47619048
 0.61403509 0.8245614  0.01002506 0.13283208 0.42857143 0.57393484
 0.32330827 0.0075188  0.5037594  0.79197995 0.85213033 0.30576441
 0.80952381 0.26817043 0.37844612 0.6716792  0.29323308 0.40100251
 0.33333333 0.29072682 0.94486216 0.78947368 0.54135338 0.55137845
 1.         0.35338346 0.50877193 0.52631579 0.86466165 0.97493734
 0.27568922 0.34837093 0.85463659 0.37343358 0.58897243 0.66666667
 0.64912281 0.14536341 0.65914787 0.34837093 0.10526316 0.99498747
 0.32080201 0.69674185 0.73934837 0.7443609  0.50125313 0.06516291
 0.43358396 0.36340852 0.38345865 0.03759398 0.52631579 0.66666667
 0.98746867 0.33333333 0.4962406  0.29573935 0.40350877 0.28822055
 0.50877193 0.47368421 0.83709273 0.0075188  0.20551378 0.30325815
 0.3358396  0.63408521 0.47117794 0.6566416  0.72431078 0.72431078
 0.65162907 0.32330827 0.08270677 0.52380952 0.79949875 0.10275689
 0.78696742 0.43859649 0.66165414 0.22807018 0.17042607 0.16290727
 0.60651629 0.86466165 0.86967419 0.14035088 0.19548872 0.55889724
 0.7518797  0.93984962 0.87468672 0.58646617 0.95739348 0.3358396
 0.93233083 0.01002506 0.10776942 0.29323308 0.47869674 0.9273183
 0.47619048 0.69674185 0.06265664 0.9122807  0.97243108 0.19548872
 0.59398496 0.40100251 0.28822055 0.57894737 0.06015038 0.56641604
 0.83458647 0.95238095 0.50125313 0.50626566 0.83709273 0.27819549
 0.38345865 0.70426065 0.92982456 0.23057644 0.04761905 0.28320802
 0.22556391 0.66666667 0.29824561 0.71929825 0.61403509 0.3358396
 0.58646617 0.32330827 0.7593985  0.49874687 0.99498747 0.76942356
 0.05012531 0.62155388 0.97493734 0.70175439 0.74185464 0.37092732
 0.9924812  0.29573935 0.39097744 0.76441103 0.80200501 0.84711779
 0.23057644 0.55388471 0.14536341 0.30827068 0.84210526 0.12030075
 0.96741855 0.97744361 0.83458647 0.47619048 0.97493734 0.99749373
 0.35087719 0.42105263 0.4085213  0.57894737 0.71929825 0.56892231
 0.9047619  0.51378446 0.51629073 0.12781955 0.13784461 0.839599
 0.37343358 0.14035088 0.20551378 0.99749373 0.90977444 0.78446115
 0.6641604  0.3283208  0.11528822 0.66165414 0.20300752 0.53383459
 0.53884712 0.79197995 0.47117794 0.5839599  0.7518797  0.29573935
 0.96491228 0.7593985  0.45112782 0.57393484 0.92230576 0.37092732
 0.12781955 0.74686717 0.59899749 0.98997494 0.76441103 0.18295739
 0.160401   0.97994987 0.12030075 0.50626566 0.98997494 0.08270677
 0.31077694 0.28320802 0.5764411  0.9197995  0.03258145 0.65162907
 0.72431078 0.33333333 0.50626566 0.19799499 0.15538847 0.51629073
 0.13032581 0.18546366 0.9197995  0.38095238 0.28320802 0.4085213
 0.01754386 0.94987469 0.29323308 0.63157895 0.95739348 0.48621554
 0.18045113 0.27067669 0.30075188 0.27067669 0.15037594 0.43609023
 0.52631579 0.9122807  0.98997494 0.54636591 0.23809524 0.32330827
 0.22556391 0.86215539 0.77944862 0.11278195 0.02506266 0.06015038
 0.96992481 0.04511278 0.31578947 0.47619048 0.83709273 0.35839599
 0.20802005 0.32080201 0.17293233 0.03007519 0.24310777 0.11779449
 0.62907268 0.88471178 0.49373434 0.56892231 0.73433584 0.70175439
 0.05263158 0.35087719 0.29824561 0.18295739 0.18295739 0.22055138
 0.14536341 0.60150376 0.77443609 0.28070175 0.55388471 0.78446115
 0.44862155 0.2481203  0.40100251 0.160401   0.02255639 0.86215539
 0.90977444 0.98496241 0.69172932 0.0877193  0.88972431 0.97994987
 0.85213033 0.63157895 0.51879699 0.02756892 0.72180451 0.69172932
 0.19298246 0.28571429 0.67669173 0.73433584 0.02005013 0.56892231
 0.44862155 0.10025063 0.46365915 0.81704261 0.63909774 0.86716792
 0.58897243 0.69674185 0.94235589 0.29072682 0.34085213 0.98997494
 0.1754386  0.80701754 0.41353383 0.77694236 0.09022556 0.74937343
 0.80200501 0.61904762 0.77192982 0.21804511 0.11278195 0.28571429
 0.11027569 0.26817043 0.06265664 0.86716792 0.84711779 0.2481203
 0.39849624 0.15538847 0.91478697 0.8245614  0.42105263 0.78696742
 0.80701754 0.63909774 0.23308271 0.40100251 0.97744361 0.34586466
 0.5037594  0.49373434 0.01253133 0.69172932 0.20551378 0.28822055
 0.55889724 0.63408521 0.95488722 0.10025063 0.47368421 0.22807018
 0.27568922 0.11027569 0.44611529 0.80451128 0.41353383 0.31328321
 0.61403509 0.72932331 0.54636591 0.16290727 0.04260652 0.35588972
 0.12280702 0.35087719 0.33834586 0.95739348 0.54135338 0.68671679
 0.42105263 0.40100251 0.97243108 0.52130326 0.36340852 0.87719298
 0.04761905 0.51378446 0.06015038 0.53634085 0.97243108 0.74937343
 0.13283208 0.44360902 0.30827068 0.93984962 0.93483709 0.28320802
 0.58145363 0.55889724 0.21804511 0.4962406  0.66165414 0.18796992
 0.95989975 0.72180451 0.01503759 0.09774436 0.86967419 0.98245614
 0.20050125 0.36090226 0.43859649 0.59649123 0.87218045 0.30075188
 0.14285714 0.46616541 0.63408521 0.31829574 0.47368421 0.83458647
 0.3358396  0.4235589  0.09273183 0.56140351 0.37593985 0.01503759
 0.18045113 0.68170426 0.41353383 0.42857143 0.02756892 0.65413534
 0.35338346 0.53884712 0.57894737 0.40350877 0.67418546 0.34586466
 0.12030075 0.69674185 0.68922306 0.70927318 0.94736842 0.0802005
 0.58145363 0.44360902 0.73433584 0.73182957 0.16541353 0.47117794
 0.94736842 0.19548872 0.55889724 0.58145363 0.11779449 0.18295739
 0.31328321 0.67418546 0.21804511 0.21303258 0.66165414 0.85964912
 0.55639098 0.83709273 0.29323308 0.62406015 0.61904762 0.2556391
 0.40601504 0.79197995 0.97994987 0.50125313 0.94486216 0.20300752
 0.46616541 0.65162907 0.59899749 0.5914787  0.38345865 0.77192982
 0.85213033 0.11027569 0.22807018 0.89223058 0.69674185 0.51378446
 0.41854637 0.83458647 0.42606516 0.10025063 0.77443609 0.27318296
 0.92230576 0.25062657 0.40350877 0.52882206 0.23308271 0.01754386
 0.91729323 0.45614035 0.44360902 0.78947368 0.25062657 0.68421053
 0.23809524 0.30576441 0.58646617 0.71929825 0.17293233 0.23057644
 0.23558897 0.11278195 0.35588972 0.52882206 0.14786967 0.54636591
 0.17042607 0.75438596 0.82205514 0.96741855 0.06265664 0.43859649
 0.44862155 0.67418546 0.1679198  0.02005013 0.4160401  0.11528822
 0.06265664 0.29573935 0.9197995  0.56892231 0.45614035 0.51378446
 0.3358396  0.6566416  0.10025063 0.25313283 0.76190476 0.55889724
 0.44862155 0.34837093 0.73684211 0.28822055 0.04511278 0.8320802
 0.92481203 0.74686717 0.20300752 0.69674185 0.7518797  0.12030075
 0.26566416 0.31328321 0.59398496 0.60401003 0.7443609  0.63157895
 0.36340852 0.46365915 0.70927318 0.8320802  0.70175439 0.45112782
 0.61654135 0.35588972 0.42606516 0.87719298 0.4235589  0.82706767
 0.48621554 0.43609023 0.59398496 0.36090226 0.39097744 0.57393484
 0.70927318 0.74937343 0.93233083 0.48120301 0.63408521 0.01503759
 0.41102757 0.16290727 0.53884712 0.74686717 0.4887218  0.46115288
 0.5112782  0.60401003 0.14035088 0.74937343 0.76691729 0.56641604
 0.92481203 0.64411028 0.09022556 0.03007519 0.98245614 0.74937343
 0.83709273 0.69172932 0.81704261 0.39849624 0.61654135 0.85964912
 0.02756892 0.34586466 0.41353383 0.63659148 0.11278195 0.14285714
 0.18045113 0.81954887 0.89223058 0.29323308 0.38596491 0.09022556
 0.87468672 0.05012531 0.5112782  0.64411028 0.58897243 0.18295739
 0.71177945 0.48621554 0.35338346 0.81704261 0.05764411 0.73934837
 0.61152882 0.91478697 0.39348371 0.24561404 0.35087719 0.88471178
 0.86466165 0.93483709 0.98496241 0.04260652 0.83458647 0.67919799
 0.46115288 0.35087719 0.15037594 0.7593985  0.60150376 0.56140351
 0.37092732 0.29323308 0.78947368 0.34085213 0.40350877 0.27318296
 0.61403509 0.60401003 0.62406015 0.18546366 0.03759398 0.55388471
 0.60651629 0.01754386 0.31829574 0.96491228 0.15288221 0.08270677
 0.23308271 0.63659148 0.16290727 0.12030075 0.07518797 0.01002506
 0.43859649 0.83709273 0.86466165 0.77944862 0.14035088 0.08521303
 0.45363409 0.82957393 0.87969925 0.64912281 0.01253133 0.28070175
 0.87468672 0.48370927 0.37593985 0.9924812  0.31328321 0.28070175
 0.83458647 0.01503759 0.60150376 0.46365915 0.61904762 0.07518797
 0.04010025 0.0802005  0.03759398 0.15037594 0.92230576 0.160401
 0.62406015 0.53634085 0.19799499 0.24561404 0.71679198 0.45864662
 0.35087719 0.46867168 0.47869674 0.33834586 0.10776942 0.32080201
 0.10025063 0.84461153 0.18796992 0.72681704 0.21052632 0.78947368
 0.12030075 0.90225564 0.54135338 0.46365915 0.63659148 0.83458647
 0.87468672 0.05263158 0.30576441 0.26065163 0.10025063 0.98997494
 0.95488722 0.93984962 0.9047619  0.77694236 0.88721805 0.07017544
 0.44611529 0.6641604  0.13032581 0.73182957 0.76190476 0.12030075
 0.73684211 0.04511278 0.81453634 0.5839599  0.89223058 0.45614035
 0.01002506 0.16541353 0.75438596 0.59649123 0.64661654 0.64160401
 0.79949875 0.69172932 0.52882206 0.85213033 0.84711779 0.05513784
 0.04010025 0.54135338 0.76942356 0.45614035 0.33834586 0.41102757
 0.40350877 0.90726817 0.79699248 0.49373434 0.42857143 0.33834586
 0.27318296 0.20300752 0.4887218  0.58145363 0.02005013 0.97744361
 0.95238095 0.54887218 0.95739348 0.21553885 0.89974937 0.76441103
 0.36591479 0.54135338 0.0952381  0.39598997 0.79949875 0.64661654
 0.67919799 0.95739348 0.44862155 0.86716792 0.5914787  0.58897243
 0.73433584 0.21553885 0.25313283 0.98746867 0.69423559 0.58145363
 0.96992481 0.50877193 0.93483709 0.18796992 0.69423559 0.839599
 0.55137845 0.70927318 0.49874687 0.83458647 0.15288221 0.1679198
 0.92481203 1.         0.30576441 0.74185464 0.98496241 0.29573935
 0.45363409 0.70175439 0.82205514 0.04260652 0.19799499 0.36090226
 0.47117794 0.42105263 0.65413534 0.18796992 0.         0.42105263
 0.26315789 0.92982456 0.83709273 0.41854637 0.93734336 0.80200501
 0.92481203 0.86716792 0.30075188 0.41854637 0.95238095 0.65162907
 0.9273183  0.37343358 0.94736842 0.51629073 0.43609023 0.54385965
 0.80451128 0.28571429 0.47869674 0.95238095 0.42105263 0.46867168
 0.86716792 0.7518797  0.24310777 0.15789474 0.20551378 0.05263158
 0.01253133 0.51378446 0.43358396 0.79949875 0.72681704 0.37844612
 0.15538847 0.89724311 0.43609023 0.00250627 0.48120301 0.43358396
 0.10025063 0.48621554 0.35087719 0.23809524 0.13283208 0.00501253
 0.82205514 0.56390977 0.36591479 0.59398496 0.23558897 0.43609023
 0.47869674 0.50626566 0.5112782  0.35588972 0.43107769 0.30576441
 0.86716792 0.52380952 0.47117794 0.8320802  0.87719298 0.73684211
 0.56390977 0.40601504 0.98245614 0.5839599  0.01253133 0.14786967
 0.45614035 0.03007519 0.9924812  0.7593985  0.4235589  0.99749373
 0.34085213 0.6716792  0.30827068 0.78446115 0.3358396  0.89724311
 0.09273183 0.76942356 0.1754386  0.35839599 0.97994987 0.60902256
 0.04260652 0.37844612 0.95238095 0.4235589  0.71679198 0.71929825
 0.7443609  0.17042607 0.03258145 0.16541353 0.35839599 0.56641604
 0.28320802 0.8320802  0.55889724 0.31328321 0.41353383 0.9924812
 0.25313283 0.40100251 0.31829574 0.71929825 0.87218045 0.80952381
 0.36090226 0.5764411  0.21052632 0.68421053 0.10275689 0.35588972
 0.03007519 0.04010025 0.15538847 0.30576441 0.19548872 0.30827068
 0.60150376 0.97493734 0.67418546 0.85213033 0.41353383 0.78446115
 0.23057644 0.34085213 0.22305764 0.95238095 0.05012531 0.46365915
 0.02005013 0.68170426 0.38345865 0.24310777 0.15789474 0.37593985
 0.21052632 0.11779449 0.47619048 0.61152882]
