Paso 05
--------------------------------------------------
TODO: Crear un nuevo DataFrame con estudiantes destacados

    matricula  nombre   apellido  edad genero       carrera  cuatrimestre  promedio  promedio_normalizado
0      A00000    José      López    27      F       Derecho             5      9.20              0.802005
4      A00004   Laura     Torres    18      M  Arquitectura             3      9.29              0.824561
12     A00012   Sofía     García    18      M  Arquitectura             4      9.38              0.847118
14     A00014   Sofía   Martínez    25      F      Medicina             5      9.91              0.979950
19     A00019   Laura      López    28      F       Derecho             3      9.29              0.824561
28     A00028  Miguel   González    29      M    Psicología             1      9.40              0.852130
30     A00030     Ana      Pérez    20      F      Medicina             1      9.23              0.809524
38     A00038   Sofía   González    29      F    Psicología             2      9.77              0.944862
42     A00042  Miguel  Hernández    24      M      Medicina             9      9.99              1.000000
46     A00046    Luis     García    26      M       Derecho             2      9.45              0.864662
47     A00047   María      López    26      M      Medicina             2      9.89              0.974937
50     A00050  Miguel    Ramírez    25      F    Psicología             2      9.41              0.854637
59     A00059   María    Ramírez    27      F      Medicina             7      9.97              0.994987
72     A00072    José     García    27      F      Medicina             5      9.94              0.987469
80     A00080    Luis   González    26      M  Arquitectura             6      9.34              0.837093
103    A00103   Sofía      Pérez    29      F      Economía             4      9.45              0.864662
104    A00104  Miguel     García    18      M      Economía             1      9.47              0.869674
109    A00109    Luis  Hernández    27      M      Economía             2      9.75              0.939850
110    A00110   Laura      López    26      M      Medicina             1      9.49              0.874687
112    A00112     Ana    Ramírez    23      F    Psicología             4      9.82              0.957393
114    A00114   María     Torres    28      F  Arquitectura             5      9.72              0.932331
119    A00119    Luis   González    28      M      Economía             9      9.70              0.927318
123    A00123   Laura     García    21      F      Economía             3      9.64              0.912281
124    A00124     Ana      Pérez    24      F    Psicología             6      9.88              0.972431
132    A00132    José     Torres    28      M    Psicología             2      9.33              0.834586
133    A00133   Sofía  Hernández    21      M       Derecho             6      9.80              0.952381
136    A00136    Luis      López    27      M       Derecho             9      9.34              0.837093
140    A00140  Miguel     García    18      M      Economía             2      9.71              0.929825
154    A00154   Laura    Ramírez    18      F    Psicología             8      9.97              0.994987
158    A00158   Sofía     Torres    25      F      Medicina             3      9.89              0.974937
162    A00162   Laura    Ramírez    28      M    Psicología             4      9.96              0.992481
166    A00166     Ana   Martínez    19      F      Medicina             8      9.20              0.802005
167    A00167  Miguel      López    18      F      Economía             8      9.38              0.847118
172    A00172    José    Ramírez    21      M  Arquitectura             4      9.36              0.842105
174    A00174  Miguel      Pérez    20      F      Economía             8      9.86              0.967419
175    A00175   Sofía      Pérez    22      F    Psicología             8      9.90              0.977444
176    A00176  Miguel   Martínez    26      M    Ingeniería             6      9.33              0.834586
178    A00178   María   González    27      M      Economía             1      9.89              0.974937
179    A00179     Ana     Torres    21      F    Psicología             7      9.98              0.997494
186    A00186  Carlos   González    22      F      Economía             7      9.61              0.904762
191    A00191     Ana    Ramírez    19      M    Ingeniería             9      9.35              0.839599
195    A00195   Laura      Pérez    26      M    Psicología             6      9.98              0.997494
196    A00196   Sofía    Ramírez    26      F    Psicología             6      9.63              0.909774
210    A00210   Sofía   Martínez    29      M    Ingeniería             5      9.85              0.964912
214    A00214    José    Ramírez    19      M    Ingeniería             1      9.68              0.922306
219    A00219   Laura      Pérez    22      M       Derecho             3      9.95              0.989975
223    A00223   María      Pérez    23      F  Arquitectura             9      9.91              0.979950
226    A00226     Ana   González    19      M      Medicina             6      9.95              0.989975
231    A00231   Laura      López    25      M       Derecho             6      9.67              0.919799
242    A00242    Luis      Pérez    29      M  Arquitectura             2      9.67              0.919799
247    A00247     Ana      Pérez    21      F  Arquitectura             3      9.79              0.949875
250    A00250     Ana      Pérez    25      F      Economía             1      9.82              0.957393
259    A00259  Carlos   Martínez    25      F       Derecho             7      9.64              0.912281
260    A00260    Luis    Ramírez    23      M    Ingeniería             8      9.95              0.989975
265    A00265    Luis   González    23      F       Derecho             7      9.44              0.862155
270    A00270    José      López    19      M      Medicina             4      9.87              0.969925
274    A00274   Laura      Pérez    25      M      Medicina             1      9.34              0.837093
283    A00283  Miguel    Ramírez    23      M    Psicología             3      9.53              0.884712
305    A00305    José   Martínez    20      M      Economía             2      9.44              0.862155
306    A00306    José   Martínez    21      F    Ingeniería             6      9.63              0.909774
307    A00307     Ana    Ramírez    23      M    Ingeniería             9      9.93              0.984962
310    A00310   Sofía  Hernández    19      M  Arquitectura             3      9.55              0.889724
311    A00311   María      Pérez    28      M      Economía             1      9.91              0.979950
312    A00312  Carlos      López    20      M    Psicología             8      9.40              0.852130
327    A00327   Laura      López    28      F      Medicina             5      9.26              0.817043
329    A00329     Ana     Torres    24      F  Arquitectura             6      9.46              0.867168
332    A00332  Miguel  Hernández    20      M      Economía             3      9.76              0.942356
335    A00335   Laura     García    29      F      Economía             5      9.95              0.989975
337    A00337    José    Ramírez    20      F    Psicología             3      9.22              0.807018
342    A00342     Ana   González    29      M    Psicología             1      9.20              0.802005
351    A00351  Miguel  Hernández    24      M      Medicina             9      9.46              0.867168
352    A00352   Sofía      López    22      M       Derecho             4      9.38              0.847118
356    A00356  Miguel  Hernández    25      F    Ingeniería             5      9.65              0.914787
357    A00357    José     García    23      F      Medicina             5      9.29              0.824561
360    A00360   María   González    25      M      Economía             2      9.22              0.807018
364    A00364     Ana     Torres    23      F      Medicina             7      9.90              0.977444
374    A00374  Carlos     Torres    24      M    Psicología             6      9.81              0.954887
381    A00381   María   Martínez    21      F       Derecho             5      9.21              0.804511
393    A00393  Miguel      Pérez    22      F      Medicina             1      9.82              0.957393
398    A00398     Ana     García    23      M    Psicología             4      9.88              0.972431
401    A00401  Carlos      López    22      F       Derecho             7      9.50              0.877193
406    A00406    José     García    26      F  Arquitectura             9      9.88              0.972431
411    A00411    José    Ramírez    26      F      Medicina             2      9.75              0.939850
412    A00412  Carlos   Martínez    21      M      Economía             8      9.73              0.934837
420    A00420    José     Torres    24      M      Economía             5      9.83              0.959900
424    A00424  Carlos     García    25      M      Medicina             9      9.47              0.869674
425    A00425  Miguel    Ramírez    19      F    Psicología             8      9.92              0.982456
430    A00430   Sofía      López    21      M  Arquitectura             6      9.48              0.872180
437    A00437   Sofía  Hernández    22      M       Derecho             4      9.33              0.834586
460    A00460  Miguel     García    20      F  Arquitectura             4      9.78              0.947368
468    A00468   María  Hernández    24      F    Psicología             1      9.78              0.947368
479    A00479  Miguel     Torres    29      F      Economía             5      9.43              0.859649
481    A00481   Laura   Martínez    24      F    Psicología             1      9.34              0.837093
488    A00488   Sofía   González    29      F       Derecho             3      9.91              0.979950
490    A00490    Luis  Hernández    27      F  Arquitectura             8      9.77              0.944862
498    A00498     Ana      Pérez    22      M    Ingeniería             3      9.40              0.852130
501    A00501     Ana   Martínez    23      M  Arquitectura             6      9.56              0.892231
505    A00505   María     Torres    24      F       Derecho             1      9.33              0.834586
510    A00510  Carlos      Pérez    20      F  Arquitectura             1      9.68              0.922306
516    A00516   María   Martínez    20      M      Economía             4      9.66              0.917293
536    A00536   María      Pérez    27      M       Derecho             2      9.28              0.822055
537    A00537   María      Pérez    29      M    Psicología             6      9.86              0.967419
548    A00548    Luis   Martínez    27      M    Ingeniería             3      9.67              0.919799
563    A00563    José  Hernández    25      M      Medicina             8      9.32              0.832080
564    A00564    José      Pérez    21      M    Ingeniería             2      9.69              0.924812
579    A00579  Carlos     García    22      F    Psicología             6      9.32              0.832080
585    A00585   María     Torres    18      F  Arquitectura             9      9.50              0.877193
587    A00587   Laura   Martínez    29      M    Ingeniería             4      9.30              0.827068
596    A00596   Sofía  Hernández    26      F    Ingeniería             5      9.72              0.932331
612    A00612  Carlos     Torres    19      M    Psicología             8      9.69              0.924812
616    A00616    Luis    Ramírez    18      F  Arquitectura             4      9.92              0.982456
618    A00618   Sofía      López    26      F    Ingeniería             6      9.34              0.837093
620    A00620  Carlos  Hernández    18      F      Medicina             9      9.26              0.817043
623    A00623    Luis   González    29      M      Medicina             9      9.43              0.859649
631    A00631   María     Torres    28      M      Medicina             1      9.27              0.819549
632    A00632   María      López    24      M      Economía             3      9.56              0.892231
636    A00636   Laura      Pérez    18      M      Economía             3      9.49              0.874687
645    A00645     Ana      López    21      F  Arquitectura             8      9.26              0.817043
649    A00649   Sofía      Pérez    22      F      Medicina             9      9.65              0.914787
653    A00653  Carlos    Ramírez    26      M    Ingeniería             3      9.53              0.884712
654    A00654   María   Martínez    27      F    Ingeniería             3      9.45              0.864662
655    A00655    Luis      López    23      F  Arquitectura             4      9.73              0.934837
656    A00656  Carlos      Pérez    20      M    Psicología             5      9.93              0.984962
658    A00658   María     García    29      F    Ingeniería             3      9.33              0.834586
681    A00681   Laura      Pérez    26      F  Arquitectura             9      9.85              0.964912
691    A00691  Miguel  Hernández    29      F    Psicología             9      9.34              0.837093
692    A00692   Sofía      López    24      F      Medicina             2      9.45              0.864662
697    A00697    Luis     Torres    28      F      Economía             6      9.31              0.829574
698    A00698    José      Pérez    29      F       Derecho             4      9.51              0.879699
702    A00702  Miguel  Hernández    26      F       Derecho             6      9.49              0.874687
705    A00705     Ana     Torres    22      M    Ingeniería             1      9.96              0.992481
708    A00708   María   González    19      F  Arquitectura             3      9.33              0.834586
718    A00718    José    Ramírez    19      M  Arquitectura             7      9.68              0.922306
733    A00733   María      Pérez    23      M    Ingeniería             3      9.37              0.844612
739    A00739     Ana   González    27      M    Psicología             3      9.60              0.902256
743    A00743   María   González    19      M    Ingeniería             2      9.33              0.834586
744    A00744    Luis     Torres    18      M    Psicología             5      9.49              0.874687
749    A00749   Laura     Torres    26      M       Derecho             8      9.95              0.989975
750    A00750     Ana     Torres    26      F      Medicina             3      9.81              0.954887
751    A00751    Luis     Torres    24      M  Arquitectura             3      9.75              0.939850
752    A00752    Luis   Martínez    18      F  Arquitectura             9      9.61              0.904762
754    A00754  Carlos      Pérez    20      M      Economía             4      9.54              0.887218
764    A00764   María    Ramírez    18      F  Arquitectura             9      9.25              0.814536
766    A00766    José  Hernández    20      F  Arquitectura             6      9.56              0.892231
777    A00777  Carlos      Pérez    23      M  Arquitectura             1      9.40              0.852130
778    A00778  Carlos     García    22      F      Economía             4      9.38              0.847118
787    A00787    Luis    Ramírez    25      M  Arquitectura             5      9.62              0.907268
797    A00797   María    Ramírez    25      M    Ingeniería             8      9.90              0.977444
798    A00798  Carlos   Martínez    29      F  Arquitectura             8      9.80              0.952381
800    A00800  Carlos     García    19      M    Psicología             9      9.82              0.957393
802    A00802   Laura  Hernández    24      M      Medicina             2      9.59              0.899749
811    A00811  Carlos     García    19      M  Arquitectura             9      9.82              0.957393
813    A00813   María      Pérez    26      F    Psicología             9      9.46              0.867168
819    A00819    José    Ramírez    26      F      Medicina             2      9.94              0.987469
822    A00822     Ana    Ramírez    25      F      Medicina             4      9.87              0.969925
824    A00824   Sofía      López    20      M      Medicina             7      9.73              0.934837
827    A00827    Luis      López    21      M       Derecho             9      9.35              0.839599
831    A00831   Sofía  Hernández    24      M       Derecho             5      9.33              0.834586
834    A00834  Miguel    Ramírez    20      M    Ingeniería             8      9.69              0.924812
835    A00835    Luis   González    24      F       Derecho             8      9.99              1.000000
838    A00838    Luis  Hernández    25      M      Medicina             1      9.93              0.984962
842    A00842   Sofía      López    18      M    Psicología             3      9.28              0.822055
853    A00853   Sofía      Pérez    23      M       Derecho             6      9.71              0.929825
854    A00854  Carlos   Martínez    28      M      Economía             5      9.34              0.837093
856    A00856  Carlos  Hernández    25      F    Psicología             2      9.74              0.937343
857    A00857     Ana      López    24      M    Psicología             7      9.20              0.802005
858    A00858  Miguel   Martínez    28      F       Derecho             8      9.69              0.924812
859    A00859    José   González    26      M    Psicología             2      9.46              0.867168
862    A00862    José      Pérez    25      F    Ingeniería             3      9.80              0.952381
864    A00864    Luis   Martínez    28      F  Arquitectura             8      9.70              0.927318
866    A00866   Laura     García    19      F    Psicología             6      9.78              0.947368
870    A00870   Laura   González    18      F    Psicología             4      9.21              0.804511
873    A00873    Luis  Hernández    23      F       Derecho             9      9.80              0.952381
876    A00876   Laura     Torres    25      M      Economía             6      9.46              0.867168
889    A00889    Luis  Hernández    27      F      Medicina             9      9.58              0.897243
900    A00900    José    Ramírez    21      F  Arquitectura             3      9.28              0.822055
912    A00912  Carlos  Hernández    18      M    Psicología             8      9.46              0.867168
915    A00915    José   González    29      M  Arquitectura             8      9.32              0.832080
916    A00916  Miguel      Pérez    26      F       Derecho             1      9.50              0.877193
920    A00920    José      Pérez    29      M       Derecho             4      9.92              0.982456
926    A00926  Miguel      López    26      M    Psicología             2      9.96              0.992481
929    A00929   Sofía   González    24      F      Medicina             1      9.98              0.997494
935    A00935   María    Ramírez    18      M    Psicología             3      9.58              0.897243
940    A00940   María   González    29      M  Arquitectura             3      9.91              0.979950
944    A00944   Laura      López    29      F    Ingeniería             3      9.80              0.952381
955    A00955  Miguel    Ramírez    20      F      Medicina             6      9.32              0.832080
959    A00959   Sofía      López    29      M    Psicología             6      9.96              0.992481
964    A00964   Laura     Torres    18      F  Arquitectura             2      9.48              0.872180
965    A00965   Sofía     Torres    22      M  Arquitectura             3      9.23              0.809524
979    A00979    Luis      Pérez    21      F    Psicología             8      9.89              0.974937
981    A00981   Laura     Torres    21      M    Ingeniería             1      9.40              0.852130
987    A00987  Miguel     García    22      M    Psicología             3      9.80              0.952381
