Paso 02
--------------------------------------------------
TODO: Extraer la columna 'promedio' y convertirla con .to_numpy()

[9.2  9.04 7.18 8.59 9.29 8.59 6.14 7.06 8.29 6.16 9.16 8.52 9.38 8.59
 9.91 8.32 8.33 7.9  8.45 9.29 6.04 6.53 7.71 8.29 7.29 6.03 8.01 9.16
 9.4  7.22 9.23 7.07 7.51 8.68 7.17 7.6  7.33 7.16 9.77 9.15 8.16 8.2
 9.99 7.41 8.03 8.1  9.45 9.89 7.1  7.39 9.41 7.49 8.35 8.66 8.59 6.58
 8.63 7.39 6.42 9.97 7.28 8.78 8.95 8.97 8.   6.26 7.73 7.45 7.53 6.15
 8.1  8.66 9.94 7.33 7.98 7.18 7.61 7.15 8.03 7.89 9.34 6.03 6.82 7.21
 7.34 8.53 7.88 8.62 8.89 8.89 8.6  7.29 6.33 8.09 9.19 6.41 9.14 7.75
 8.64 6.91 6.68 6.65 8.42 9.45 9.47 6.56 6.78 8.23 9.   9.75 9.49 8.34
 9.82 7.34 9.72 6.04 6.43 7.17 7.91 9.7  7.9  8.78 6.25 9.64 9.88 6.78
 8.37 7.6  7.15 8.31 6.24 8.26 9.33 9.8  8.   8.02 9.34 7.11 7.53 8.81
 9.71 6.92 6.19 7.13 6.9  8.66 7.19 8.87 8.45 7.34 8.34 7.29 9.03 7.99
 9.97 9.07 6.2  8.48 9.89 8.8  8.96 7.48 9.96 7.18 7.56 9.05 9.2  9.38
 6.92 8.21 6.58 7.23 9.36 6.48 9.86 9.9  9.33 7.9  9.89 9.98 7.4  7.68
 7.63 8.31 8.87 8.27 9.61 8.05 8.06 6.51 6.55 9.35 7.49 6.56 6.82 9.98
 9.63 9.13 8.65 7.31 6.46 8.64 6.81 8.13 8.15 9.16 7.88 8.33 9.   7.18
 9.85 9.03 7.8  8.29 9.68 7.48 6.51 8.98 8.39 9.95 9.05 6.73 6.64 9.91
 6.48 8.02 9.95 6.33 7.24 7.13 8.3  9.67 6.13 8.6  8.89 7.33 8.02 6.79
 6.62 8.06 6.52 6.74 9.67 7.52 7.13 7.63 6.07 9.79 7.17 8.52 9.82 7.94
 6.72 7.08 7.2  7.08 6.6  7.74 8.1  9.64 9.95 8.18 6.95 7.29 6.9  9.44
 9.11 6.45 6.1  6.24 9.87 6.18 7.26 7.9  9.34 7.43 6.83 7.28 6.69 6.12
 6.97 6.47 8.51 9.53 7.97 8.27 8.93 8.8  6.21 7.4  7.19 6.73 6.73 6.88
 6.58 8.4  9.09 7.12 8.21 9.13 7.79 6.99 7.6  6.64 6.09 9.44 9.63 9.93
 8.76 6.35 9.55 9.91 9.4  8.52 8.07 6.11 8.88 8.76 6.77 7.14 8.7  8.93
 6.08 8.27 7.79 6.4  7.85 9.26 8.55 9.46 8.35 8.78 9.76 7.16 7.36 9.95
 6.7  9.22 7.65 9.1  6.36 8.99 9.2  8.47 9.08 6.87 6.45 7.14 6.44 7.07
 6.25 9.46 9.38 6.99 7.59 6.62 9.65 9.29 7.68 9.14 9.22 8.55 6.93 7.6
 9.9  7.38 8.01 7.97 6.05 8.76 6.82 7.15 8.23 8.53 9.81 6.4  7.89 6.91
 7.1  6.44 7.78 9.21 7.65 7.25 8.45 8.91 8.18 6.65 6.17 7.42 6.49 7.4
 7.35 9.82 8.16 8.74 7.68 7.6  9.88 8.08 7.45 9.5  6.19 8.05 6.24 8.14
 9.88 8.99 6.53 7.77 7.23 9.75 9.73 7.13 8.32 8.23 6.87 7.98 8.64 6.75
 9.83 8.88 6.06 6.39 9.47 9.92 6.8  7.44 7.75 8.38 9.48 7.2  6.57 7.86
 8.53 7.27 7.89 9.33 7.34 7.69 6.37 8.24 7.5  6.06 6.72 8.72 7.65 7.71
 6.11 8.61 7.41 8.15 8.31 7.61 8.69 7.38 6.48 8.78 8.75 8.83 9.78 6.32
 8.32 7.77 8.93 8.92 6.66 7.88 9.78 6.78 8.23 8.32 6.47 6.73 7.25 8.69
 6.87 6.85 8.64 9.43 8.22 9.34 7.17 8.49 8.47 7.02 7.62 9.16 9.91 8.
 9.77 6.81 7.86 8.6  8.39 8.36 7.53 9.08 9.4  6.44 6.91 9.56 8.78 8.05
 7.67 9.33 7.7  6.4  9.09 7.09 9.68 7.   7.61 8.11 6.93 6.07 9.66 7.82
 7.77 9.15 7.   8.73 6.95 7.22 8.34 8.87 6.69 6.92 6.94 6.45 7.42 8.11
 6.59 8.18 6.68 9.01 9.28 9.86 6.25 7.75 7.79 8.69 6.67 6.08 7.66 6.46
 6.25 7.18 9.67 8.27 7.82 8.05 7.34 8.62 6.4  7.01 9.04 8.23 7.79 7.39
 8.94 7.15 6.18 9.32 9.69 8.98 6.81 8.78 9.   6.48 7.06 7.25 8.37 8.41
 8.97 8.52 7.45 7.85 8.83 9.32 8.8  7.8  8.46 7.42 7.7  9.5  7.69 9.3
 7.94 7.74 8.37 7.44 7.56 8.29 8.83 8.99 9.72 7.92 8.53 6.06 7.64 6.65
 8.15 8.98 7.95 7.84 8.04 8.41 6.56 8.99 9.06 8.26 9.69 8.57 6.36 6.12
 9.92 8.99 9.34 8.76 9.26 7.59 8.46 9.43 6.11 7.38 7.65 8.54 6.45 6.57
 6.72 9.27 9.56 7.17 7.54 6.36 9.49 6.2  8.04 8.57 8.35 6.73 8.84 7.94
 7.41 9.26 6.23 8.95 8.44 9.65 7.57 6.98 7.4  9.53 9.45 9.73 9.93 6.17
 9.33 8.71 7.84 7.4  6.6  9.03 8.4  8.24 7.48 7.17 9.15 7.36 7.61 7.09
 8.45 8.41 8.49 6.74 6.15 8.21 8.42 6.07 7.27 9.85 6.61 6.33 6.93 8.54
 6.65 6.48 6.3  6.04 7.75 9.34 9.45 9.11 6.56 6.34 7.81 9.31 9.51 8.59
 6.05 7.12 9.49 7.93 7.5  9.96 7.25 7.12 9.33 6.06 8.4  7.85 8.47 6.3
 6.16 6.32 6.15 6.6  9.68 6.64 8.49 8.14 6.79 6.98 8.86 7.83 7.4  7.87
 7.91 7.35 6.43 7.28 6.4  9.37 6.75 8.9  6.84 9.15 6.48 9.6  8.16 7.85
 8.54 9.33 9.49 6.21 7.22 7.04 6.4  9.95 9.81 9.75 9.61 9.1  9.54 6.28
 7.78 8.65 6.52 8.92 9.04 6.48 8.94 6.18 9.25 8.33 9.56 7.82 6.04 6.66
 9.01 8.38 8.58 8.56 9.19 8.76 8.11 9.4  9.38 6.22 6.16 8.16 9.07 7.82
 7.35 7.64 7.61 9.62 9.18 7.97 7.71 7.35 7.09 6.81 7.95 8.32 6.08 9.9
 9.8  8.19 9.82 6.86 9.59 9.05 7.46 8.16 6.38 7.58 9.19 8.58 8.71 9.82
 7.79 9.46 8.36 8.35 8.93 6.86 7.01 9.94 8.77 8.32 9.87 8.03 9.73 6.75
 8.77 9.35 8.2  8.83 7.99 9.33 6.61 6.67 9.69 9.99 7.22 8.96 9.93 7.18
 7.81 8.8  9.28 6.17 6.79 7.44 7.88 7.68 8.61 6.75 6.   7.68 7.05 9.71
 9.34 7.67 9.74 9.2  9.69 9.46 7.2  7.67 9.8  8.6  9.7  7.49 9.78 8.06
 7.74 8.17 9.21 7.14 7.91 9.8  7.68 7.87 9.46 9.   6.97 6.63 6.82 6.21
 6.05 8.05 7.73 9.19 8.9  7.51 6.62 9.58 7.74 6.01 7.92 7.73 6.4  7.94
 7.4  6.95 6.53 6.02 9.28 8.25 7.46 8.37 6.94 7.74 7.91 8.02 8.04 7.42
 7.72 7.22 9.46 8.09 7.88 9.32 9.5  8.94 8.25 7.62 9.92 8.33 6.05 6.59
 7.82 6.12 9.96 9.03 7.69 9.98 7.36 8.68 7.23 9.13 7.34 9.58 6.37 9.07
 6.7  7.43 9.91 8.43 6.17 7.51 9.8  7.69 8.86 8.87 8.97 6.68 6.13 6.66
 7.43 8.26 7.13 9.32 8.23 7.25 7.65 9.96 7.01 7.6  7.27 8.87 9.48 9.23
 7.44 8.3  6.84 8.73 6.41 7.42 6.12 6.16 6.62 7.22 6.78 7.23 8.4  9.89
 8.69 9.4  7.65 9.13 6.92 7.36 6.89 9.8  6.2  7.85 6.08 8.72 7.53 6.97
 6.63 7.5  6.84 6.47 7.9  8.44]
