Ejercicio 06
--------------------------------------------------
TODO: Usa signal.butter y signal.filtfilt para aplicar un filtro pasa-bajas

[ 0.00399271  0.21285641  0.36426149  0.42430232  0.39357876  0.30698762
  0.22039186  0.189225    0.2472088   0.39334529  0.59218795  0.7873103
  0.92282615  0.96472051  0.91381424  0.80538781  0.69560235  0.63991902
  0.6717881   0.78977818  0.95808171  1.12020481  1.22059416  1.22590966
  1.13778667  0.99219423  0.8456349   0.75347745  0.74873007  0.82939329
  0.95924197  1.08173654  1.14172945  1.1066434   0.97900077  0.79549963
  0.61299052  0.48673087  0.4492551   0.49796241  0.59618129  0.68730244
  0.71656055  0.65211241  0.49732881  0.28958659  0.08602365 -0.05828124
 -0.11133713 -0.07641533  0.00929861  0.08905787  0.10840842  0.03616382
 -0.12354217 -0.33274736 -0.53412537 -0.67287658 -0.71765208 -0.67248775
 -0.57517266 -0.48267788 -0.4492331  -0.50545813 -0.64655125 -0.83406403
 -1.01058226 -1.12168387 -1.13675442 -1.06067859 -0.93192494 -0.80775837
 -0.74225079 -0.76552173 -0.87216933 -1.02332767 -1.16156176 -1.23288884
 -1.20748171 -1.09111579 -0.9229702  -0.76062624 -0.65801528 -0.64477185
 -0.71490886 -0.82915717 -0.93007229 -0.96411534 -0.90224123 -0.75109928
 -0.55055123 -0.35845804 -0.22856869 -0.18998914 -0.23610376 -0.3271969
 -0.40576905 -0.41867434 -0.33759036 -0.16997098  0.0437182   0.24542193
  0.38166181  0.42394789  0.37960901  0.28888919  0.20942416  0.1940505
  0.27045696  0.43048093  0.63315463  0.82033331  0.93891313  0.96111976
  0.89508825  0.78167767  0.67874228  0.63889046  0.68926017  0.82106592
  0.99292589  1.14669334  1.22972214  1.21502877  1.11161987  0.96102527
  0.82136605  0.74506669  0.75875746  0.85307355  0.98626228  1.10021519
  1.14277747  1.08778015  0.94511349  0.756979    0.58175692  0.47167495
  0.45284098  0.51529588  0.61690037  0.69956531  0.71160164  0.62761964
  0.45834683  0.24659969  0.05095324 -0.0766297  -0.11063223 -0.06167499
  0.02765004  0.09920569  0.10169683  0.01043387 -0.16310604 -0.37558667
 -0.56833799 -0.68976263 -0.71503235 -0.65552232 -0.5543658  -0.46983435
 -0.45291652 -0.52769284 -0.68203247 -0.8721792  -1.03946854 -1.13276602
 -1.12802304 -1.03745173 -0.90480112 -0.78854589 -0.73943428 -0.78100435
 -0.90053968 -1.05393274 -1.18259093 -1.23590286 -1.19065027 -1.05992196
 -0.88811187 -0.73391899 -0.64786789 -0.65296925 -0.73593603 -0.85232327
 -0.94362042 -0.95974213 -0.87829301 -0.71321943 -0.50953021 -0.32611065
 -0.21321921 -0.19329556 -0.25243881 -0.34582305 -0.41497354 -0.41027851
 -0.31010417 -0.129183    0.08694155  0.27928419  0.39794086  0.42112985
  0.36344995  0.27018952  0.19986895  0.20171099  0.29667821  0.46934907
  0.67374815  0.85089506  0.95134351  0.95406815  0.87445734  0.75834746
  0.66438636  0.64148902  0.7100302   0.85398579  1.02703662  1.17029422
  1.23485185  1.20051386  1.08352151  0.93031319  0.79971144  0.74036733
  0.77211093  0.87835917  1.01249203  1.11575216  1.13980426  1.0653038
  0.90935468  0.71899626  0.55321675  0.46038984  0.45978612  0.53424851
  0.63683999  0.70891434  0.70268038  0.59960726  0.41761294  0.20427923
  0.0186946  -0.09111311 -0.10650117 -0.04526757  0.04526757  0.10650117
  0.09111311 -0.0186946  -0.20427923 -0.41761294 -0.59960726 -0.70268038
 -0.70891434 -0.63683999 -0.53424851 -0.45978612 -0.46038984 -0.55321675
 -0.71899626 -0.90935468 -1.0653038  -1.13980426 -1.11575216 -1.01249203
 -0.87835917 -0.77211093 -0.74036733 -0.79971144 -0.93031319 -1.08352151
 -1.20051386 -1.23485185 -1.17029422 -1.02703662 -0.85398579 -0.7100302
 -0.64148902 -0.66438636 -0.75834746 -0.87445734 -0.95406815 -0.95134351
 -0.85089506 -0.67374815 -0.46934907 -0.29667821 -0.20171099 -0.19986895
 -0.27018952 -0.36344995 -0.42112985 -0.39794086 -0.27928419 -0.08694155
  0.129183    0.31010417  0.41027851  0.41497354  0.34582305  0.25243881
  0.19329556  0.21321921  0.32611065  0.50953021  0.71321943  0.87829301
  0.95974213  0.94362042  0.85232327  0.73593603  0.65296925  0.64786789
  0.73391899  0.88811187  1.05992196  1.19065027  1.23590286  1.18259093
  1.05393274  0.90053968  0.78100435  0.73943428  0.78854589  0.90480112
  1.03745173  1.12802304  1.13276602  1.03946854  0.8721792   0.68203247
  0.52769284  0.45291652  0.46983435  0.5543658   0.65552232  0.71503235
  0.68976263  0.56833799  0.37558667  0.16310604 -0.01043387 -0.10169683
 -0.09920569 -0.02765004  0.06167499  0.11063223  0.0766297  -0.05095324
 -0.24659969 -0.45834683 -0.62761964 -0.71160164 -0.69956531 -0.61690037
 -0.51529588 -0.45284098 -0.47167495 -0.58175692 -0.756979   -0.94511349
 -1.08778015 -1.14277747 -1.10021519 -0.98626228 -0.85307355 -0.75875746
 -0.74506669 -0.82136605 -0.96102527 -1.11161987 -1.21502877 -1.22972214
 -1.14669334 -0.99292589 -0.82106592 -0.68926017 -0.63889046 -0.67874228
 -0.78167767 -0.89508825 -0.96111976 -0.93891313 -0.82033331 -0.63315463
 -0.43048093 -0.27045696 -0.1940505  -0.20942416 -0.28888919 -0.37960901
 -0.42394789 -0.38166181 -0.24542193 -0.0437182   0.16997098  0.33759036
  0.41867434  0.40576905  0.3271969   0.23610376  0.18998914  0.22856869
  0.35845804  0.55055123  0.75109928  0.90224123  0.96411534  0.93007229
  0.82915717  0.71490886  0.64477185  0.65801528  0.76062624  0.9229702
  1.09111579  1.20748171  1.23288884  1.16156176  1.02332767  0.87216933
  0.76552173  0.74225079  0.80775837  0.93192494  1.06067859  1.13675442
  1.12168388  1.01058226  0.83406403  0.64655125  0.50545812  0.44923309
  0.48267787  0.57517266  0.67248776  0.7176521   0.6728766   0.5341254
  0.33274737  0.12354215 -0.03616389 -0.10840851 -0.08905797 -0.00929866
  0.07641538  0.11133731  0.05828153 -0.08602331 -0.28958634 -0.49732883
 -0.65211284 -0.71656143 -0.68730358 -0.59618228 -0.49796268 -0.4492541
 -0.48672835 -0.61298684 -0.79549593 -0.97899886 -1.10664526 -1.14173635
 -1.081748   -0.95925499 -0.82940237 -0.74872844 -0.75345969 -0.84560041
 -0.99215029 -1.13774946 -1.22590142 -1.22063577 -1.12030469 -0.95822447
 -0.78991835 -0.6718551  -0.63983737 -0.69532599 -0.80493993 -0.91331602
 -0.96438826 -0.92291996 -0.78803126 -0.59354484 -0.39503858 -0.24859938
 -0.18945198 -0.21866809 -0.30303017 -0.38804066 -0.41899311 -0.36192512
 -0.21635834 -0.01497352]
